<?xml version="1.0" encoding="utf-8"?><testsuites><testsuite name="pytest" errors="0" failures="0" skipped="0" tests="278" time="65.858" timestamp="2023-08-14T09:27:17.775769" hostname="DIT004281"><testcase classname="tests.components.test_models" name="test_app_models" time="0.988" /><testcase classname="tests.components.test_models" name="test_app_required_translatable_fields" time="0.065" /><testcase classname="tests.components.test_models" name="test_set_slug" time="0.068" /><testcase classname="tests.components.test_translations" name="test_required_fields_banner_component" time="0.061" /><testcase classname="tests.core.test_blocks" name="test_internal_or_external_link_block__custom_get_api_representation" time="0.063" /><testcase classname="tests.core.test_blocks" name="test_block_serializer" time="0.063" /><testcase classname="tests.core.test_cache" name="test_page_cache_build_keys[1-None-None-serialized-page-1:]" time="0.055" /><testcase classname="tests.core.test_cache" name="test_page_cache_build_keys[2-en-gb-None-serialized-page-2:lang=en-gb]" time="0.059" /><testcase classname="tests.core.test_cache" name="test_page_cache_build_keys[3-en-gb-eu-serialized-page-3:lang=en-gb&amp;region=eu]" time="0.057" /><testcase classname="tests.core.test_cache" name="test_page_cache_build_key_ignored_variation_kwarg_order[test_kwargs0]" time="0.056" /><testcase classname="tests.core.test_cache" name="test_page_cache_build_key_ignored_variation_kwarg_order[test_kwargs1]" time="0.060" /><testcase classname="tests.core.test_cache" name="test_page_cache_get_set_delete" time="0.064" /><testcase classname="tests.core.test_cache" name="test_cache_populator" time="0.495" /><testcase classname="tests.core.test_cache" name="test_subscriber_subscribe_to_publish" time="0.061" /><testcase classname="tests.core.test_cache" name="test_subscriber_populate" time="0.089" /><testcase classname="tests.core.test_cache" name="test_subscriber_delete" time="0.070" /><testcase classname="tests.core.test_cache" name="test_transactional_cache_set" time="0.058" /><testcase classname="tests.core.test_cache" name="test_transactional_cache_delete" time="0.056" /><testcase classname="tests.core.test_cache" name="test_rebuild_all_cache_task" time="0.112" /><testcase classname="tests.core.test_distributed_migrate" name="test_distributed_migration_lock_acquired" time="0.073" /><testcase classname="tests.core.test_distributed_migrate" name="test_distributed_migration_lock_not_acquired" time="0.068" /><testcase classname="tests.core.test_fields" name="test_meta_field" time="0.097" /><testcase classname="tests.core.test_fields" name="test_meta_field_slug_translation" time="0.097" /><testcase classname="tests.core.test_fields" name="test_meta_field_contains_draft_token" time="0.212" /><testcase classname="tests.core.test_fields" name="test_meta_field_draft" time="0.105" /><testcase classname="tests.core.test_fields" name="test_markdown_to_html_field_without_slug_hyperlinks" time="0.085" /><testcase classname="tests.core.test_fields" name="test_single_struct_block_stream_field_factory" time="0.060" /><testcase classname="tests.core.test_forms" name="test_required_for_language" time="0.097" /><testcase classname="tests.core.test_forms" name="test_slug_read_only_when_editing_a_page" time="0.096" /><testcase classname="tests.core.test_forms" name="test_slug_editable_when_creating_a_page" time="0.098" /><testcase classname="tests.core.test_forms" name="test_wagtailadminexclusivepageform_when_slug_identity_set_on_model" time="0.065" /><testcase classname="tests.core.test_forms" name="test_wagtailadminexclusivepageform_when_slug_identity_not_set_on_model" time="0.066" /><testcase classname="tests.core.test_helpers" name="test_get_or_create_image_existing" time="0.068" /><testcase classname="tests.core.test_helpers" name="test_get_or_create_image_new" time="0.885" /><testcase classname="tests.core.test_helpers" name="test_get_button_url_name_internal_url" time="0.071" /><testcase classname="tests.core.test_helpers" name="test_get_button_url_name_external_url" time="0.061" /><testcase classname="tests.core.test_helpers" name="test_render_markdown_table" time="0.064" /><testcase classname="tests.core.test_helpers" name="test_get_page_full_url[http://test.com/foo/-bar/-http://test.com/foo/bar/]" time="0.062" /><testcase classname="tests.core.test_helpers" name="test_get_page_full_url[http://test.com/foo-bar/-http://test.com/foo/bar/0]" time="0.065" /><testcase classname="tests.core.test_helpers" name="test_get_page_full_url[http://test.com/foo/-/bar/-http://test.com/foo/bar/]" time="0.063" /><testcase classname="tests.core.test_helpers" name="test_get_page_full_url[http://test.com/foo-bar/-http://test.com/foo/bar/1]" time="0.063" /><testcase classname="tests.core.test_helpers" name="test_num2words_list[3-exp0]" time="0.065" /><testcase classname="tests.core.test_helpers" name="test_num2words_list[4-exp1]" time="0.062" /><testcase classname="tests.core.test_helpers" name="test_num2words_list[5-exp2]" time="0.062" /><testcase classname="tests.core.test_helpers" name="test_num2words_list[6-exp3]" time="0.065" /><testcase classname="tests.core.test_middleware" name="test_locale_middleware_installed" time="0.063" /><testcase classname="tests.core.test_middleware" name="test_locale_middleware_sets_querystring_language" time="0.070" /><testcase classname="tests.core.test_middleware" name="test_locale_middleware_ignored_invalid_querystring_language" time="0.061" /><testcase classname="tests.core.test_middleware" name="test_locale_middleware_handles_missing_querystring_language" time="0.063" /><testcase classname="tests.core.test_middleware" name="test_maintenance_mode_middleware_installed" time="0.063" /><testcase classname="tests.core.test_middleware" name="test_maintenance_mode_middleware_feature_flag_on" time="0.064" /><testcase classname="tests.core.test_middleware" name="test_maintenance_mode_middleware_feature_flag_off" time="0.064" /><testcase classname="tests.core.test_models" name="test_base_model_check_valid_draft_token" time="0.063" /><testcase classname="tests.core.test_models" name="test_base_model_check_invalid_draft_token" time="0.062" /><testcase classname="tests.core.test_models" name="test_base_model_sets_service_name_on_save" time="0.068" /><testcase classname="tests.core.test_models" name="test_base_model_redirect_published_url" time="0.064" /><testcase classname="tests.core.test_models" name="test_translations_broker_fields[en-gb-ENGLISH]" time="0.106" /><testcase classname="tests.core.test_models" name="test_translations_broker_fields[de-GERMAN]" time="0.094" /><testcase classname="tests.core.test_models" name="test_translations_broker_fields[ja-JAPANESE]" time="0.093" /><testcase classname="tests.core.test_models" name="test_translations_broker_fields[zh-hans-SIMPLIFIED CHINESE]" time="0.092" /><testcase classname="tests.core.test_models" name="test_translations_broker_fields[fr-FRENCH]" time="0.106" /><testcase classname="tests.core.test_models" name="test_translations_broker_fields[es-SPANISH]" time="0.093" /><testcase classname="tests.core.test_models" name="test_translations_broker_fields[pt-PORTUGUESE]" time="0.092" /><testcase classname="tests.core.test_models" name="test_translations_broker_fields[ar-ARABIC]" time="0.095" /><testcase classname="tests.core.test_models" name="test_translated_languages[en-gb]" time="0.064" /><testcase classname="tests.core.test_models" name="test_translated_languages[de]" time="0.062" /><testcase classname="tests.core.test_models" name="test_translated_languages[ja]" time="0.063" /><testcase classname="tests.core.test_models" name="test_translated_languages[zh-hans]" time="0.067" /><testcase classname="tests.core.test_models" name="test_translated_languages[fr]" time="0.061" /><testcase classname="tests.core.test_models" name="test_translated_languages[es]" time="0.063" /><testcase classname="tests.core.test_models" name="test_translated_languages[pt]" time="0.071" /><testcase classname="tests.core.test_models" name="test_translated_languages[ar]" time="0.063" /><testcase classname="tests.core.test_models" name="test_translated_localised_urls" time="0.105" /><testcase classname="tests.core.test_models" name="test_language_names_translated" time="0.092" /><testcase classname="tests.core.test_models" name="test_language_names_untranslated" time="0.064" /><testcase classname="tests.core.test_models" name="test_get_site_returns_none_when_page_not_routable" time="0.095" /><testcase classname="tests.core.test_models" name="test_get_site_fetches_routing_settings_if_they_exist" time="0.098" /><testcase classname="tests.core.test_models" name="test_get_site_creates_routing_settings_if_none_exist" time="0.103" /><testcase classname="tests.core.test_models" name="test_basepage_can_exist_under" time="0.082" /><testcase classname="tests.core.test_models.TestGreatMedia" name="test_sources_mp4_with_no_transcript" time="0.005" /><testcase classname="tests.core.test_models.TestGreatMedia" name="test_sources_mp4_with_transcript" time="0.003" /><testcase classname="tests.core.test_models.TestGreatMedia" name="test_subtitles__not_present" time="0.004" /><testcase classname="tests.core.test_models.TestGreatMedia" name="test_subtitles__present" time="0.010" /><testcase classname="tests.core.test_page_id_cache" name="test_get_populate_and_delete" time="0.063" /><testcase classname="tests.core.test_permissions" name="test_valid_draft_token" time="0.053" /><testcase classname="tests.core.test_permissions" name="test_invalid_draft_token" time="0.053" /><testcase classname="tests.core.test_permissions" name="test_no_draft_token" time="0.055" /><testcase classname="tests.core.test_preprocessors" name="test_openapi_root_path_open_to_all" time="0.187" /><testcase classname="tests.core.test_preprocessors" name="test_openapi_ui_path_closed_to_user" time="0.140" /><testcase classname="tests.core.test_preprocessors" name="test_openapi_ui_path_open_to_admin" time="0.293" /><testcase classname="tests.core.test_preprocessors" name="test_openapi_redoc_path_closed_to_user" time="0.128" /><testcase classname="tests.core.test_preprocessors" name="test_openapi_redoc_path_open_to_admin" time="0.201" /><testcase classname="tests.core.test_purge_admin_users" name="test_purge_admin_users_cancel_operation" time="0.064" /><testcase classname="tests.core.test_purge_admin_users" name="test_purge_admin_users" time="0.209" /><testcase classname="tests.core.test_serializers" name="test_base_page_serializer" time="0.102" /><testcase classname="tests.core.test_serializers" name="test_tree_based_breadcrumbs_for_base_page_serializer" time="0.104" /><testcase classname="tests.core.test_settings" name="test_cookie_language_name_is_custom" time="0.057" /><testcase classname="tests.core.test_snippets" name="test_tag_str" time="0.055" /><testcase classname="tests.core.test_storage_backends" name="test_delete_disabled" time="0.058" /><testcase classname="tests.core.test_storage_backends" name="test_replace_disabled" time="0.061" /><testcase classname="tests.core.test_storage_backends" name="test_replace_disabled_hardcoded" time="0.064" /><testcase classname="tests.core.test_storage_backends" name="test_immutable_file_storage_get_image_by_path_exists" time="0.144" /><testcase classname="tests.core.test_storage_backends" name="test_immutable_file_storage_get_image_by_path_not_exist_in_bucket" time="0.108" /><testcase classname="tests.core.test_storage_backends" name="test_immutable_file_storage_get_image_by_path_not_exist_in_database" time="0.110" /><testcase classname="tests.core.test_storage_backends" name="test_immutable_file_storage_get_document_by_path_exists" time="0.111" /><testcase classname="tests.core.test_storage_backends" name="test_immutable_file_storage_get_document_by_path_not_exist_in_bucket" time="0.101" /><testcase classname="tests.core.test_storage_backends" name="test_immutable_file_storage_get_document_by_path_not_exist_in_database" time="0.214" /><testcase classname="tests.core.test_upstream_serializers" name="test_tag_deserializer" time="0.073" /><testcase classname="tests.core.test_views" name="test_permissions_draft" time="0.058" /><testcase classname="tests.core.test_views" name="test_permissions_published" time="0.061" /><testcase classname="tests.core.test_views" name="test_api_translations_are_loaded_when_available[en-gb-ENGLISH]" time="0.354" /><testcase classname="tests.core.test_views" name="test_api_translations_are_loaded_when_available[de-GERMAN]" time="0.341" /><testcase classname="tests.core.test_views" name="test_api_translations_are_loaded_when_available[ja-JAPANESE]" time="0.340" /><testcase classname="tests.core.test_views" name="test_api_translations_are_loaded_when_available[zh-hans-SIMPLIFIED CHINESE]" time="0.337" /><testcase classname="tests.core.test_views" name="test_api_translations_are_loaded_when_available[fr-FRENCH]" time="0.335" /><testcase classname="tests.core.test_views" name="test_api_translations_are_loaded_when_available[es-SPANISH]" time="0.339" /><testcase classname="tests.core.test_views" name="test_api_translations_are_loaded_when_available[pt-PORTUGUESE]" time="0.340" /><testcase classname="tests.core.test_views" name="test_api_translations_are_loaded_when_available[ar-ARABIC]" time="0.337" /><testcase classname="tests.core.test_views" name="test_api_falls_back_to_english_when_translations_unavailable[en-gb]" time="0.199" /><testcase classname="tests.core.test_views" name="test_api_falls_back_to_english_when_translations_unavailable[de]" time="0.203" /><testcase classname="tests.core.test_views" name="test_api_falls_back_to_english_when_translations_unavailable[ja]" time="0.217" /><testcase classname="tests.core.test_views" name="test_api_falls_back_to_english_when_translations_unavailable[zh-hans]" time="0.323" /><testcase classname="tests.core.test_views" name="test_api_falls_back_to_english_when_translations_unavailable[fr]" time="0.203" /><testcase classname="tests.core.test_views" name="test_api_falls_back_to_english_when_translations_unavailable[es]" time="0.215" /><testcase classname="tests.core.test_views" name="test_api_falls_back_to_english_when_translations_unavailable[pt]" time="0.205" /><testcase classname="tests.core.test_views" name="test_api_falls_back_to_english_when_translations_unavailable[ar]" time="0.213" /><testcase classname="tests.core.test_views" name="test_api_serves_drafts" time="0.655" /><testcase classname="tests.core.test_views" name="test_copy_upsteam" time="0.300" /><testcase classname="tests.core.test_views" name="test_update_upstream" time="0.272" /><testcase classname="tests.core.test_views" name="test_upstream_anon[copy-upstream]" time="0.171" /><testcase classname="tests.core.test_views" name="test_upstream_anon[update-upstream]" time="0.174" /><testcase classname="tests.core.test_views" name="test_add_page_prepopulate[True-wagtailadmin/pages/edit.html]" time="1.288" /><testcase classname="tests.core.test_views" name="test_add_page_prepopulate[False-wagtailadmin/pages/create.html]" time="1.146" /><testcase classname="tests.core.test_views" name="test_add_page_prepopulate_missing_content_type" time="0.246" /><testcase classname="tests.core.test_views" name="test_list_page" time="0.251" /><testcase classname="tests.core.test_views" name="test_page_listing" time="0.491" /><testcase classname="tests.core.test_views" name="test_translations_exposed" time="0.314" /><testcase classname="tests.core.test_views" name="test_unserializable_page_requested" time="0.145" /><testcase classname="tests.core.test_views" name="test_lookup_by_path" time="0.333" /><testcase classname="tests.core.test_views" name="test_lookup_by_path_for_non_existent_page" time="0.132" /><testcase classname="tests.core.test_views" name="test_lookup_by_slug" time="0.381" /><testcase classname="tests.core.test_views" name="test_lookup_by_slug_missing_required_query_param" time="0.224" /><testcase classname="tests.core.test_views" name="test_lookup_by_slug_missing_page" time="0.199" /><testcase classname="tests.core.test_views" name="test_cache_etags_match" time="0.258" /><testcase classname="tests.core.test_views" name="test_cache_miss_slow_database_read" time="3.248" /><testcase classname="tests.core.test_views" name="test_cache_etags_mismatch" time="0.265" /><testcase classname="tests.core.test_views" name="test_pages_types_view" time="0.197" /><testcase classname="tests.core.test_views" name="test_pages_view" time="0.304" /><testcase classname="tests.core.test_views" name="test_robots_txt" time="0.125" /><testcase classname="tests.core.test_views" name="test_serve_subtitles" time="0.130" /><testcase classname="tests.core.test_views" name="test_serve_subtitles__missing_media" time="0.127" /><testcase classname="tests.core.test_views" name="test_serve_subtitles__none_available" time="0.132" /><testcase classname="tests.core.test_wagtail_hooks" name="test_update_default_listing_buttons_from_base_page" time="0.187" /><testcase classname="tests.core.test_wagtail_hooks" name="test_update_default_listing_buttons_from_base_page_button_url_name_view_draft" time="0.190" /><testcase classname="tests.core.test_wagtail_hooks" name="test_update_default_listing_buttons_not_from_base_page" time="0.077" /><testcase classname="tests.core.test_wagtail_hooks" name="test_add_copy_button" time="0.188" /><testcase classname="tests.core.test_wagtail_hooks" name="test_env_css_set" time="0.065" /><testcase classname="tests.core.test_wagtail_hooks" name="test_env_css_unset" time="0.060" /><testcase classname="tests.great_international.test_blocks" name="test_featured_image_block__get_api_representation[None]" time="0.063" /><testcase classname="tests.great_international.test_blocks" name="test_featured_image_block__get_api_representation[fill-1200x200]" time="0.063" /><testcase classname="tests.great_international.test_blocks" name="test_featured_image_block__get_api_representation[SKIP]" time="0.063" /><testcase classname="tests.great_international.test_blocks" name="test_featured_image_block__get_api_representation__no_data[None]" time="0.066" /><testcase classname="tests.great_international.test_blocks" name="test_featured_image_block__get_api_representation__no_data[fill-1200x200]" time="0.063" /><testcase classname="tests.great_international.test_blocks" name="test_featured_image_block__get_api_representation__no_data[SKIP]" time="0.061" /><testcase classname="tests.great_international.test_blocks" name="test_inline_image_block__get_api_representation[None]" time="0.063" /><testcase classname="tests.great_international.test_blocks" name="test_inline_image_block__get_api_representation[fill-1200x200]" time="0.065" /><testcase classname="tests.great_international.test_blocks" name="test_inline_image_block__get_api_representation[SKIP]" time="0.061" /><testcase classname="tests.great_international.test_blocks" name="test_inline_image_block__get_api_representation__no_data[None]" time="0.062" /><testcase classname="tests.great_international.test_blocks" name="test_inline_image_block__get_api_representation__no_data[fill-1200x200]" time="0.064" /><testcase classname="tests.great_international.test_blocks" name="test_inline_image_block__get_api_representation__no_data[SKIP]" time="0.064" /><testcase classname="tests.great_international.test_blocks" name="test_markdown_block__get_api_representation" time="0.063" /><testcase classname="tests.great_international.test_blocks" name="test_markdown__get_api_representation__no_data" time="0.063" /><testcase classname="tests.great_international.test_blocks" name="test_video_block_get_api_representation" time="0.074" /><testcase classname="tests.great_international.test_blocks" name="test_get_block_for_block_name[text-MarkdownBlock]" time="0.061" /><testcase classname="tests.great_international.test_blocks" name="test_get_block_for_block_name[image-InlineOpportunityImageBlock]" time="0.064" /><testcase classname="tests.great_international.test_blocks" name="test_get_block_for_block_name[columns-StreamBlock]" time="0.063" /><testcase classname="tests.great_international.test_blocks" name="test_get_block_for_block_name[absent_from_spec-None]" time="0.063" /><testcase classname="tests.great_international.test_blocks" name="test_reusable_snippet_chooser_block__get_api_representation" time="0.065" /><testcase classname="tests.great_international.test_blocks" name="test_reusable_snippet_chooser_block__get_api_representation__null_value" time="0.066" /><testcase classname="tests.great_international.test_models" name="test_models_hierarchy" time="0.063" /><testcase classname="tests.great_international.test_models" name="test_uses_tree_base_routing_always_true" time="0.071" /><testcase classname="tests.great_international.test_models" name="test_url_for_investment_opportunity_listing_page" time="0.138" /><testcase classname="tests.great_international.test_models" name="test_url_for_investment_atlas_landing_page" time="0.091" /><testcase classname="tests.great_international.test_models" name="test_planning_status__str__method" time="0.058" /><testcase classname="tests.great_international.test_models" name="test_reusable_content_snippet__str_method" time="0.059" /><testcase classname="tests.great_international.test_serializers" name="test_campaign_page_serializer_has_related_pages" time="0.180" /><testcase classname="tests.great_international.test_serializers" name="test_campaign_page_serializer_no_related_pages" time="0.083" /><testcase classname="tests.great_international.test_serializers" name="test_about_uk_region_page_has_statistics" time="0.133" /><testcase classname="tests.great_international.test_serializers" name="test_about_uk_region_page_has_related_opportunities" time="0.941" /><testcase classname="tests.great_international.test_serializers" name="test_about_dit_services_page_gets_added_related_services_fields" time="0.126" /><testcase classname="tests.great_international.test_serializers" name="test_about_uk_region_listing_page_has_regions" time="0.188" /><testcase classname="tests.great_international.test_serializers" name="test_about_uk_region_listing_page_has_empty_regions_if_no_parent" time="0.116" /><testcase classname="tests.great_international.test_serializers" name="test_international_homepage_serializer" time="0.102" /><testcase classname="tests.great_international.test_serializers" name="test_atlas_opportunity_serializer_video_fields" time="0.150" /><testcase classname="tests.great_international.test_serializers" name="test_atlas_opportunity_page_can_add_sector_as_related" time="0.189" /><testcase classname="tests.great_international.test_serializers" name="test_atlas_opportunity_page_null_case_related_sector" time="0.131" /><testcase classname="tests.great_international.test_serializers" name="test_atlas_opportunity_page_null_case_related_sector__alt" time="0.125" /><testcase classname="tests.great_international.test_serializers" name="test_atlas_opportunity_list_page_related_opportunities_by_sector" time="2.096" /><testcase classname="tests.great_international.test_serializers" name="test_atlas_opportunity_list_page_related_opportunities__no_opportunities" time="0.125" /><testcase classname="tests.great_international.test_serializers" name="test_atlas_opportunity_page_related_opportunities_by_investment_type" time="0.318" /><testcase classname="tests.great_international.test_serializers" name="test_atlas_opportunity_page_related_opportunities_by_investment_type_no_matches" time="0.207" /><testcase classname="tests.great_international.test_serializers" name="test_atlas_opportunity_page_related_opportunities_by_investment_type_no_type_set" time="0.122" /><testcase classname="tests.great_international.test_serializers" name="test_atlas_opportunity_page_can_add_sub_sector_as_related" time="0.198" /><testcase classname="tests.great_international.test_serializers" name="test_atlas_opportunity_page_can_add_sub_sector_as_related__null_case" time="0.123" /><testcase classname="tests.great_international.test_serializers" name="test_atlas_opportunity_listing_page_gets_opportunities" time="0.168" /><testcase classname="tests.great_international.test_serializers" name="test_atlas_opportunity_listing_page_gets_opportunities__null_case" time="0.091" /><testcase classname="tests.great_international.test_serializers" name="test_atlas_opportunity_listing_page_gets_sectors_with_sub_sectors" time="0.320" /><testcase classname="tests.great_international.test_serializers" name="test_atlas_opportunity_page_serializer__get_planning_status" time="0.121" /><testcase classname="tests.great_international.test_serializers" name="test_atlas_opportunity_page_serializer__get_planning_status__is_null" time="0.128" /><testcase classname="tests.great_international.test_serializers" name="test_atlas_opportunity_listing_page_serializer__planning_status__is_not_verbose" time="0.107" /><testcase classname="tests.great_international.test_serializers" name="test_atlas_opportunity_listing_page_serializer__planning_status__is_none" time="0.108" /><testcase classname="tests.great_international.test_serializers" name="test_international_investment_sector_page_serializer__get_related_opportunities__manually_selected" time="0.595" /><testcase classname="tests.great_international.test_serializers" name="test_international_investment_sector_page_serializer__get_related_opportunities__auto_selected" time="0.668" /><testcase classname="tests.great_international.test_serializers" name="test_foreign_direct_investment_form_page_serializer" time="0.229" /><testcase classname="tests.great_international.test_serializers" name="test_foreign_direct_investment_form_sucess_page_serializer" time="0.234" /><testcase classname="tests.great_international.test_serializers" name="test_freeport_data" time="0.222" /><testcase classname="tests.great_international.test_serializers" name="test_freeport_data_has_no_results" time="0.133" /><testcase classname="tests.great_international.test_validators" name="test_validate_lat_long[51.123456, -2.345678-False]" time="0.063" /><testcase classname="tests.great_international.test_validators" name="test_validate_lat_long[ 51.123456  , -2.345678  -False]" time="0.061" /><testcase classname="tests.great_international.test_validators" name="test_validate_lat_long[+51.123456, +1.1-False]" time="0.064" /><testcase classname="tests.great_international.test_validators" name="test_validate_lat_long[  51.123456,   -2.345678  -False]" time="0.062" /><testcase classname="tests.great_international.test_validators" name="test_validate_lat_long[31.123456,2.345678-False]" time="0.063" /><testcase classname="tests.great_international.test_validators" name="test_validate_lat_long[50, 2-False]" time="0.065" /><testcase classname="tests.great_international.test_validators" name="test_validate_lat_long[50., 2.-True]" time="0.064" /><testcase classname="tests.great_international.test_validators" name="test_validate_lat_long[50-True]" time="0.063" /><testcase classname="tests.great_international.test_validators" name="test_validate_lat_long[50\xba N, 2\xba W-True]" time="0.063" /><testcase classname="tests.great_international.test_validators" name="test_validate_lat_long[Not even trying-True]" time="0.067" /><testcase classname="tests.great_international.test_views" name="test_international_homepage" time="0.333" /><testcase classname="tests.great_international.test_views" name="test_international_campaign_page" time="0.245" /><testcase classname="tests.great_international.test_views" name="test_international_article_listing_page_view" time="0.343" /><testcase classname="tests.great_international.test_views" name="test_international_topic_landing_page_view" time="0.358" /><testcase classname="tests.great_international.test_views" name="test_international_topic_landing_page_view_sectors_alphabetical_order" time="0.431" /><testcase classname="tests.great_international.test_views" name="test_international_trade_home_page_exposes_industries" time="0.402" /><testcase classname="tests.groups.test_modeladmin" name="test_groupinfomodeladmin_indexview_does_not_error" time="0.212" /><testcase classname="tests.groups.test_modeladmin" name="test_groupinfomodeladmin_permissionhelper" time="0.131" /><testcase classname="tests.groups.test_models" name="test_groupinfo_uses_name_singular_for_str" time="0.065" /><testcase classname="tests.groups.test_models" name="test_groupinfo_clean_fields_allows_one_team_leaders_group" time="0.063" /><testcase classname="tests.groups.test_signal_handlers" name="test_groupinfo_created_automatically_for_new_groups" time="0.061" /><testcase classname="tests.groups.test_views" name="test_group_info_modal_only_available_to_authenticated_users" time="0.125" /><testcase classname="tests.groups.test_views" name="test_group_info_modal_shows_unlimited_visibility_groups_only" time="0.196" /><testcase classname="tests.users.test_forms" name="test_super_user_can_see_all_the_groups" time="0.088" /><testcase classname="tests.users.test_forms" name="test_normal_user_with_no_group_assigned_sees_no_groups" time="0.068" /><testcase classname="tests.users.test_middleware" name="test_process_request_returns_none_if_user_is_not_authenticated" time="0.062" /><testcase classname="tests.users.test_middleware" name="test_process_request_returns_none_if_user_is_a_superuser" time="0.073" /><testcase classname="tests.users.test_middleware" name="test_process_request_returns_none_if_url_not_in_admin[/]" time="0.064" /><testcase classname="tests.users.test_middleware" name="test_process_request_returns_none_if_url_not_in_admin[/healthcheck/]" time="0.065" /><testcase classname="tests.users.test_middleware" name="test_process_request_returns_none_if_url_not_in_admin[/activity-stream/v1/]" time="0.084" /><testcase classname="tests.users.test_middleware" name="test_process_request_returns_none_if_user_requesting_access[/auth/request-access/]" time="0.066" /><testcase classname="tests.users.test_middleware" name="test_process_request_returns_none_if_user_requesting_access[/auth/request-access/thanks/]" time="0.064" /><testcase classname="tests.users.test_middleware" name="test_process_request_redirects_for_assignment_status[CREATED-/auth/request-access/]" time="0.063" /><testcase classname="tests.users.test_middleware" name="test_process_request_redirects_for_assignment_status[AWAITING_APPROVAL-/auth/request-access/thanks/]" time="0.063" /><testcase classname="tests.users.test_notifications" name="test_notify_user_of_access_request_approval" time="0.065" /><testcase classname="tests.users.test_notifications" name="test_notify_team_leader_of_pending_access_request" time="0.068" /><testcase classname="tests.users.test_signals" name="test_new_user_profile_status_created" time="0.062" /><testcase classname="tests.users.test_signals" name="test_user_profile_status_user_updated" time="0.067" /><testcase classname="tests.users.test_views" name="test_create_user_view_get" time="0.205" /><testcase classname="tests.users.test_views" name="test_create_user_view" time="0.267" /><testcase classname="tests.users.test_views" name="test_create_user_view_invalid_form" time="0.209" /><testcase classname="tests.users.test_views" name="test_get_edit_user_view" time="0.212" /><testcase classname="tests.users.test_views" name="test_edit_user_view" time="0.201" /><testcase classname="tests.users.test_views" name="test_edit_user_view_invalid_form" time="0.212" /><testcase classname="tests.users.test_views" name="test_edit_user_view_cannot_change_personal_details_when_sso_enforced" time="0.328" /><testcase classname="tests.users.test_views" name="test_edit_user_view_preserves_ability_to_update_is_active" time="0.219" /><testcase classname="tests.users.test_views" name="test_edit_user_view_warns_administrator_if_user_is_awaiting_approval" time="0.233" /><testcase classname="tests.users.test_views" name="test_edit_user_view_marks_user_as_approved_if_added_to_group" time="0.227" /><testcase classname="tests.users.test_views" name="test_edit_user_view_does_not_mark_user_as_approved_if_not_added_to_a_group" time="0.235" /><testcase classname="tests.users.test_views" name="test_force_staff_sso" time="0.164" /><testcase classname="tests.users.test_views" name="test_ssorequestaccessview_responds_based_on_assignment_status[CREATED-200]" time="0.240" /><testcase classname="tests.users.test_views" name="test_ssorequestaccessview_responds_based_on_assignment_status[AWAITING_APPROVAL-302]" time="0.194" /><testcase classname="tests.users.test_views" name="test_ssorequestaccessview_responds_based_on_assignment_status[APPROVED-302]" time="0.195" /><testcase classname="tests.users.test_views" name="test_ssorequestaccessview_shows_unlimited_visibilty_groups_only" time="0.219" /><testcase classname="tests.users.test_views" name="test_ssorequestaccessview_with_no_team_leaders_group" time="0.206" /><testcase classname="tests.users.test_views" name="test_ssorequestaccessview_with_team_leaders_group_but_no_members" time="0.207" /><testcase classname="tests.users.test_views" name="test_ssorequestaccessview_with_team_leaders" time="0.330" /><testcase classname="tests.users.test_views" name="test_ssorequestaccessview_fails_validation_if_form_incomplete" time="0.210" /><testcase classname="tests.users.test_views" name="test_ssorequestaccessview_post_with_complete_data" time="0.205" /><testcase classname="tests.users.test_views" name="test_ssorequestaccess_views_only_available_to_authenticated_users[/auth/request-access/]" time="0.266" /><testcase classname="tests.users.test_views" name="test_ssorequestaccess_views_only_available_to_authenticated_users[/auth/request-access/thanks/]" time="0.351" /></testsuite></testsuites>